#
# A fatal error has been detected by the Java Runtime Environment:
#
#  EXCEPTION_ACCESS_VIOLATION (0xc0000005) at pc=0x00007ffffff3b5b6, pid=2148, tid=19440
#
# JRE version: OpenJDK Runtime Environment Temurin-21.0.6+7 (21.0.6+7) (build 21.0.6+7-LTS)
# Java VM: OpenJDK 64-Bit Server VM Temurin-21.0.6+7 (21.0.6+7-LTS, mixed mode, sharing, tiered, compressed oops, compressed class ptrs, g1 gc, windows-amd64)
# Problematic frame:
# C  [awt.dll+0xdb5b6]
#
# No core dump will be written. Minidumps are not enabled by default on client versions of Windows
#
# If you would like to submit a bug report, please visit:
#   https://github.com/adoptium/adoptium-support/issues
# The crash happened outside the Java Virtual Machine in native code.
# See problematic frame for where to report the bug.
#

---------------  S U M M A R Y ------------

Command Line: -ea -agentlib:jdwp=transport=dt_shmem,address=javadebug -Dfile.encoding=UTF-8 bluej.runtime.ExecServer UTF-8

Host: AMD Ryzen 7 3700X 8-Core Processor             , 16 cores, 31G,  Windows 10 , 64 bit Build 19041 (10.0.19041.5915)
Time: Thu May  7 19:00:30 2026 Romance Daylight Time elapsed time: 790.638677 seconds (0d 0h 13m 10s)

---------------  T H R E A D  ---------------

Current thread (0x00000211824c0c80):  JavaThread "AWT-EventQueue-0"        [_thread_in_native, id=19440, stack(0x000000d906b00000,0x000000d906c00000) (1024K)]

Stack: [0x000000d906b00000,0x000000d906c00000],  sp=0x000000d906bfeb70,  free space=1018k
Native frames: (J=compiled Java code, j=interpreted, Vv=VM code, C=native code)
C  [awt.dll+0xdb5b6]

Java frames: (J=compiled Java code, j=interpreted, Vv=VM code)
j  sun.awt.Win32GraphicsDevice.initNativeScale(I)V+0 java.desktop@21.0.6
j  sun.awt.Win32GraphicsDevice.initScaleFactors()V+60 java.desktop@21.0.6
j  sun.awt.Win32GraphicsDevice.displayChanged()V+16 java.desktop@21.0.6
j  sun.awt.Win32GraphicsEnvironment.displayChanged()V+271 java.desktop@21.0.6
j  sun.awt.windows.WToolkit.lambda$displayChanged$4()V+15 java.desktop@21.0.6
j  sun.awt.windows.WToolkit$$Lambda+0x000002118406f0f8.run()V+0 java.desktop@21.0.6
j  java.awt.event.InvocationEvent.dispatch()V+47 java.desktop@21.0.6
j  java.awt.EventQueue.dispatchEventImpl(Ljava/awt/AWTEvent;Ljava/lang/Object;)V+21 java.desktop@21.0.6
j  java.awt.EventQueue$4.run()Ljava/lang/Void;+32 java.desktop@21.0.6
j  java.awt.EventQueue$4.run()Ljava/lang/Object;+1 java.desktop@21.0.6
j  java.security.AccessController.executePrivileged(Ljava/security/PrivilegedAction;Ljava/security/AccessControlContext;Ljava/lang/Class;)Ljava/lang/Object;+29 java.base@21.0.6
j  java.security.AccessController.doPrivileged(Ljava/security/PrivilegedAction;Ljava/security/AccessControlContext;)Ljava/lang/Object;+13 java.base@21.0.6
j  java.security.ProtectionDomain$JavaSecurityAccessImpl.doIntersectionPrivilege(Ljava/security/PrivilegedAction;Ljava/security/AccessControlContext;Ljava/security/AccessControlContext;)Ljava/lang/Object;+18 java.base@21.0.6
j  java.awt.EventQueue.dispatchEvent(Ljava/awt/AWTEvent;)V+46 java.desktop@21.0.6
j  java.awt.EventDispatchThread.pumpOneEventForFilters(I)V+81 java.desktop@21.0.6
j  java.awt.EventDispatchThread.pumpEventsForFilter(ILjava/awt/Conditional;Ljava/awt/EventFilter;)V+35 java.desktop@21.0.6
j  java.awt.EventDispatchThread.pumpEventsForHierarchy(ILjava/awt/Conditional;Ljava/awt/Component;)V+11 java.desktop@21.0.6
j  java.awt.EventDispatchThread.pumpEvents(ILjava/awt/Conditional;)V+4 java.desktop@21.0.6
j  java.awt.EventDispatchThread.pumpEvents(Ljava/awt/Conditional;)V+3 java.desktop@21.0.6
j  java.awt.EventDispatchThread.run()V+9 java.desktop@21.0.6
v  ~StubRoutines::call_stub 0x00000211ecd5100d

siginfo: EXCEPTION_ACCESS_VIOLATION (0xc0000005), reading address 0x000000010000004e


Registers:
RAX=0x00000000fffffffe, RBX=0x000002118281d130, RCX=0x00000000fffffffe, RDX=0x0000000000000000
RSP=0x000000d906bfeb70, RBP=0x000000d906bfec50, RSI=0x0000000000000000, RDI=0x0000000000000000
R8 =0x0000000000000001, R9 =0x00000006202672b8, R10=0x00000211ecd60787, R11=0x0000000000000100
R12=0x0000000000000000, R13=0x00000211c42424b0, R14=0x000000d906bfec78, R15=0x00000211824c0c80
RIP=0x00007ffffff3b5b6, EFLAGS=0x0000000000010202

XMM[0]=0x0000000000000000 0x0000000000000000
XMM[1]=0x0000000000000000 0x00000000bf800000
XMM[2]=0x0000000000000000 0x0000000000000000
XMM[3]=0x0000000000000000 0x0000000000000000
XMM[4]=0x0000000000000000 0x0000000000000000
XMM[5]=0x0000000000000000 0x0000000000000000
XMM[6]=0x0000000000000000 0x0000000000000000
XMM[7]=0x0000000000000000 0x0000000000000000
XMM[8]=0x0000000000000000 0x0000000000000000
XMM[9]=0x0000000000000000 0x0000000000000000
XMM[10]=0x0000000000000000 0x0000000000000000
XMM[11]=0x0000000000000000 0x0000000000000000
XMM[12]=0x0000000000000000 0x0000000000000000
XMM[13]=0x0000000000000000 0x0000000000000000
XMM[14]=0x0000000000000000 0x0000000000000000
XMM[15]=0x0000000000000000 0x0000000000000000
  MXCSR=0x00001fa0


Register to memory mapping:

RAX=0x00000000fffffffe is an unknown value
RBX=0x000002118281d130 points into unknown readable memory: 0x00000211dae8d100 | 00 d1 e8 da 11 02 00 00
RCX=0x00000000fffffffe is an unknown value
RDX=0x0 is null
RSP=0x000000d906bfeb70 is pointing into the stack for thread: 0x00000211824c0c80
RBP=0x000000d906bfec50 is pointing into the stack for thread: 0x00000211824c0c80
RSI=0x0 is null
RDI=0x0 is null
R8 =0x0000000000000001 is an unknown value
R9 =0x00000006202672b8 is an oop: java.lang.Class 
{0x00000006202672b8} - klass: 'java/lang/Class'
 - ---- fields (total size 16 words):
 - private volatile transient 'classRedefinedCount' 'I' @12  0 (0x00000000)
 - injected 'klass' 'J' @16  2274252769232 (0x00000211840747d0)
 - injected 'array_klass' 'J' @24  0 (0x0000000000000000)
 - injected 'oop_size' 'I' @32  16 (0x00000010)
 - injected 'static_oop_field_count' 'I' @36  0 (0x00000000)
 - private volatile transient 'cachedConstructor' 'Ljava/lang/reflect/Constructor;' @40  null (0x00000000)
 - private transient 'name' 'Ljava/lang/String;' @44  null (0x00000000)
 - private transient 'module' 'Ljava/lang/Module;' @48  a 'java/lang/Module'{0x00000006209edab0} (0xc413db56)
 - private final 'classLoader' 'Ljava/lang/ClassLoader;' @52  null (0x00000000)
 - private transient 'classData' 'Ljava/lang/Object;' @56  null (0x00000000)
 - private transient 'packageName' 'Ljava/lang/String;' @60  null (0x00000000)
 - private final 'componentType' 'Ljava/lang/Class;' @64  null (0x00000000)
 - private volatile transient 'reflectionData' 'Ljava/lang/ref/SoftReference;' @68  null (0x00000000)
 - private volatile transient 'genericInfo' 'Lsun/reflect/generics/repository/ClassRepository;' @72  null (0x00000000)
 - private volatile transient 'enumConstants' '[Ljava/lang/Object;' @76  null (0x00000000)
 - private volatile transient 'enumConstantDirectory' 'Ljava/util/Map;' @80  null (0x00000000)
 - private volatile transient 'annotationData' 'Ljava/lang/Class$AnnotationData;' @84  null (0x00000000)
 - private volatile transient 'annotationType' 'Lsun/reflect/annotation/AnnotationType;' @88  null (0x00000000)
 - transient 'classValueMap' 'Ljava/lang/ClassValue$ClassValueMap;' @92  null (0x00000000)
 - injected 'protection_domain' 'Ljava/lang/Object;' @96  null (0x00000000)
 - injected 'signers_name' 'Ljava/lang/Object;' @100  null (0x00000000)
 - injected 'source_file' 'Ljava/lang/Object;' @104  null (0x00000000)
 - injected '<init_lock>' 'Ljava/lang/Object;' @108  null (0x00000000)
 - signature: Lsun/awt/Win32GraphicsEnvironment;
 - ---- static fields (0):
 - static final 'debugScaleX' 'F' @112  -1.000000 (0xbf800000)
 - static final 'debugScaleY' 'F' @116  -1.000000 (0xbf800000)
 - private static volatile 'isDWMCompositionEnabled' 'Z' @120  true (0x01)
 - static final synthetic '$assertionsDisabled' 'Z' @121  true (0x01)
R10=0x00000211ecd60787 is at code_begin+1927 in an Interpreter codelet
native method entry point (kind = native)  [0x00000211ecd60000, 0x00000211ecd61238]  4664 bytes
R11=0x0000000000000100 is an unknown value
R12=0x0 is null
R13={method} {0x00000211c42424b8} 'initNativeScale' '(I)V' in 'sun/awt/Win32GraphicsDevice'
R14=0x000000d906bfec78 is pointing into the stack for thread: 0x00000211824c0c80
R15=0x00000211824c0c80 is a thread

Top of Stack: (sp=0x000000d906bfeb70)
0x000000d906bfeb70:   00000211824c0c80 00000211ecd595b8
0x000000d906bfeb80:   000002118281d130 0000000000000000
0x000000d906bfeb90:   000002118281d130 00007ffffff3cdf2
0x000000d906bfeba0:   00007ffffff9a848 00000211c42424b0
0x000000d906bfebb0:   0000000000000000 00007ffff964d328
0x000000d906bfebc0:   00000211ecd596b9 00000211ecd607b6
0x000000d906bfebd0:   00000211c42424b0 00000211824c0c80
0x000000d906bfebe0:   0000000000000000 0000000000000000
0x000000d906bfebf0:   000000d906bfec50 0000000000000001
0x000000d906bfec00:   000000062026ab08 000000d906bfec08
0x000000d906bfec10:   0000000000000000 0000000000000005
0x000000d906bfec20:   00000211c42454e8 0000000000000000
0x000000d906bfec30:   00000006202683c0 00000211c42424b0
0x000000d906bfec40:   0000000000000000 000000d906bfec70
0x000000d906bfec50:   000000d906bfecc8 00000211ecd591b4
0x000000d906bfec60:   0000000000000000 00000211ecd5c6f7
0x000000d906bfec70:   0000000000000000 0000000620268d68
0x000000d906bfec80:   000000d906bfec80 00000211c4242b04
0x000000d906bfec90:   0000000000000002 00000211c42454e8
0x000000d906bfeca0:   0000000000000000 00000006202683c0
0x000000d906bfecb0:   00000211c4242b50 000000d906bfec70
0x000000d906bfecc0:   000000d906bfecd8 000000d906bfed28
0x000000d906bfecd0:   00000211ecd591b4 0000000620268d68
0x000000d906bfece0:   000000d906bfece0 00000211c42443c8
0x000000d906bfecf0:   0000000000000003 00000211c42454e8
0x000000d906bfed00:   0000000000000000 00000006202683c0
0x000000d906bfed10:   00000211c4244410 000000d906bfecd8
0x000000d906bfed20:   000000d906bfed40 000000d906bfed90
0x000000d906bfed30:   00000211ecd591b4 0000000000000000
0x000000d906bfed40:   0000000620268d68 000000d906bfed48
0x000000d906bfed50:   00000211c4231d77 0000000000000008
0x000000d906bfed60:   00000211c4235c48 0000000000000000 

Instructions: (pc=0x00007ffffff3b5b6)
0x00007ffffff3b4b6:   00 68 00 00 00 0f 11 44 24 34 0f 11 44 24 44 0f
0x00007ffffff3b4c6:   11 44 24 54 0f 11 44 24 64 0f 11 44 24 74 0f 11
0x00007ffffff3b4d6:   84 24 84 00 00 00 89 84 24 94 00 00 00 c7 44 24
0x00007ffffff3b4e6:   30 68 00 00 00 48 8d 94 24 a0 00 00 00 48 8b cd
0x00007ffffff3b4f6:   ff 15 cc 88 06 00 85 c0 74 40 48 8d 54 24 30 48
0x00007ffffff3b506:   8b ce ff 15 ba 88 06 00 85 c0 74 2e 48 8d 54 24
0x00007ffffff3b516:   34 48 8d 8c 24 a4 00 00 00 ff 15 eb 83 06 00 85
0x00007ffffff3b526:   c0 74 17 48 8d 54 24 44 48 8d 8c 24 b4 00 00 00
0x00007ffffff3b536:   ff 15 d4 83 06 00 85 c0 75 11 ff c7 3b 7b 0c 0f
0x00007ffffff3b546:   8c 15 ff ff ff 8b 3d 4f be 06 00 48 8b cb e8 b7
0x00007ffffff3b556:   c9 f4 ff 90 8b c7 48 8b 8c 24 10 01 00 00 48 33
0x00007ffffff3b566:   cc e8 54 02 01 00 4c 8d 9c 24 20 01 00 00 49 8b
0x00007ffffff3b576:   5b 18 49 8b 6b 20 49 8b 73 28 49 8b e3 5f c3 cc
0x00007ffffff3b586:   cc cc cc cc cc cc cc cc cc cc 48 8b 41 08 48 8b
0x00007ffffff3b596:   80 18 0c 00 00 c3 cc cc cc cc 48 8b 41 08 48 05
0x00007ffffff3b5a6:   00 04 00 00 c3 cc cc cc cc cc 40 53 48 83 ec 20
0x00007ffffff3b5b6:   83 79 50 00 48 8b d9 75 56 48 8b 49 28 4c 8d 44
0x00007ffffff3b5c6:   24 38 48 8d 54 24 30 c7 44 24 30 00 00 80 bf c7
0x00007ffffff3b5d6:   44 24 38 00 00 80 bf e8 be e1 00 00 f3 0f 10 54
0x00007ffffff3b5e6:   24 30 0f 57 c0 0f 2f d0 76 25 f3 0f 10 4c 24 38
0x00007ffffff3b5f6:   0f 2f c8 76 1a f3 0f 5e 15 09 a7 02 00 f3 0f 5e
0x00007ffffff3b606:   0d 01 a7 02 00 f3 0f 11 53 48 f3 0f 11 4b 4c 48
0x00007ffffff3b616:   83 c4 20 5b c3 cc cc cc cc cc 48 89 5c 24 10 48
0x00007ffffff3b626:   89 74 24 18 48 89 7c 24 20 41 56 48 83 ec 40 48
0x00007ffffff3b636:   8b d9 48 83 79 18 00 75 14 b9 28 04 00 00 e8 97
0x00007ffffff3b646:   97 00 00 48 89 43 18 c7 00 28 00 00 00 48 8b 43
0x00007ffffff3b656:   18 33 ff 66 89 78 0e 48 8b 4b 28 e8 5a 03 00 00
0x00007ffffff3b666:   48 8b f0 ba 01 00 00 00 44 8b c2 48 8b c8 ff 15
0x00007ffffff3b676:   b6 7f 06 00 4c 8b f0 89 7c 24 30 48 8b 4b 18 48
0x00007ffffff3b686:   89 4c 24 28 48 89 7c 24 20 44 8d 4f 01 45 33 c0
0x00007ffffff3b696:   48 8b d0 48 8b ce ff 15 6e 80 06 00 48 8b 53 30
0x00007ffffff3b6a6:   48 8b 0b 83 79 04 08 0f 8e 01 02 00 00 f6 42 24 


Stack slot to memory mapping:

stack at sp + 0 slots: 0x00000211824c0c80 is a thread
stack at sp + 1 slots: 0x00000211ecd595b8 is at code_begin+4408 in an Interpreter codelet
return entry points  [0x00000211ecd58480, 0x00000211ecd5a590]  8464 bytes
stack at sp + 2 slots: 0x000002118281d130 points into unknown readable memory: 0x00000211dae8d100 | 00 d1 e8 da 11 02 00 00
stack at sp + 3 slots: 0x0 is null
stack at sp + 4 slots: 0x000002118281d130 points into unknown readable memory: 0x00000211dae8d100 | 00 d1 e8 da 11 02 00 00
stack at sp + 5 slots: 0x00007ffffff3cdf2 awt.dll
stack at sp + 6 slots: 0x00007ffffff9a848 awt.dll
stack at sp + 7 slots: {method} {0x00000211c42424b8} 'initNativeScale' '(I)V' in 'sun/awt/Win32GraphicsDevice'


---------------  P R O C E S S  ---------------

Threads class SMR info:
_java_thread_list=0x0000021182596220, length=20, elements={
0x000002118224b3d0, 0x000002118224c080, 0x0000021182251b40, 0x0000021182252670,
0x00000211822540f0, 0x0000021182256f00, 0x000002118227fd90, 0x00000211822862b0,
0x0000021182414070, 0x00000211824050a0, 0x0000021182405980, 0x00000211824192d0,
0x000002118241b2e0, 0x0000021182818ab0, 0x00000211828354c0, 0x0000021182845d20,
0x00000211dae8e330, 0x00000211828317d0, 0x00000211dae69640, 0x00000211824c0c80
}

Java Threads: ( => current thread )
  0x000002118224b3d0 JavaThread "Reference Handler"          daemon [_thread_blocked, id=18844, stack(0x000000d907500000,0x000000d907600000) (1024K)]
  0x000002118224c080 JavaThread "Finalizer"                  daemon [_thread_blocked, id=22712, stack(0x000000d907600000,0x000000d907700000) (1024K)]
  0x0000021182251b40 JavaThread "Signal Dispatcher"          daemon [_thread_blocked, id=20456, stack(0x000000d907700000,0x000000d907800000) (1024K)]
  0x0000021182252670 JavaThread "Attach Listener"            daemon [_thread_blocked, id=13932, stack(0x000000d907800000,0x000000d907900000) (1024K)]
  0x00000211822540f0 JavaThread "Service Thread"             daemon [_thread_blocked, id=19680, stack(0x000000d907900000,0x000000d907a00000) (1024K)]
  0x0000021182256f00 JavaThread "Monitor Deflation Thread"   daemon [_thread_blocked, id=5504, stack(0x000000d907a00000,0x000000d907b00000) (1024K)]
  0x000002118227fd90 JavaThread "C2 CompilerThread0"         daemon [_thread_blocked, id=23036, stack(0x000000d907b00000,0x000000d907c00000) (1024K)]
  0x00000211822862b0 JavaThread "C1 CompilerThread0"         daemon [_thread_blocked, id=23640, stack(0x000000d907c00000,0x000000d907d00000) (1024K)]
  0x0000021182414070 JavaThread "JDWP Transport Listener: dt_shmem" daemon [_thread_blocked, id=23356, stack(0x000000d907f00000,0x000000d908000000) (1024K)]
  0x00000211824050a0 JavaThread "JDWP Event Helper Thread"   daemon [_thread_blocked, id=4320, stack(0x000000d908000000,0x000000d908100000) (1024K)]
  0x0000021182405980 JavaThread "JDWP Command Reader"        daemon [_thread_in_native, id=14044, stack(0x000000d908100000,0x000000d908200000) (1024K)]
  0x00000211824192d0 JavaThread "Notification Thread"        daemon [_thread_blocked, id=11236, stack(0x000000d908200000,0x000000d908300000) (1024K)]
  0x000002118241b2e0 JavaThread "Common-Cleaner"             daemon [_thread_blocked, id=23716, stack(0x000000d908300000,0x000000d908400000) (1024K)]
  0x0000021182818ab0 JavaThread "Java2D Disposer"            daemon [_thread_blocked, id=2672, stack(0x000000d908400000,0x000000d908500000) (1024K)]
  0x00000211828354c0 JavaThread "AWT-Windows"                daemon [_thread_in_native, id=13420, stack(0x000000d908600000,0x000000d908700000) (1024K)]
  0x0000021182845d20 JavaThread "BlueJ worker thread"               [_thread_blocked, id=11768, stack(0x000000d908800000,0x000000d908900000) (1024K)]
  0x00000211dae8e330 JavaThread "DestroyJavaVM"                     [_thread_blocked, id=2412, stack(0x000000d906d00000,0x000000d906e00000) (1024K)]
  0x00000211828317d0 JavaThread "main"                              [_thread_blocked, id=9644, stack(0x000000d908500000,0x000000d908600000) (1024K)]
  0x00000211dae69640 JavaThread "AWT-Shutdown"                      [_thread_blocked, id=19928, stack(0x000000d906a00000,0x000000d906b00000) (1024K)]
=>0x00000211824c0c80 JavaThread "AWT-EventQueue-0"                  [_thread_in_native, id=19440, stack(0x000000d906b00000,0x000000d906c00000) (1024K)]
Total: 20

Other Threads:
  0x00000211ff96dbc0 VMThread "VM Thread"                           [id=14740, stack(0x000000d907400000,0x000000d907500000) (1024K)]
  0x00000211ff959b80 WatcherThread "VM Periodic Task Thread"        [id=17292, stack(0x000000d907300000,0x000000d907400000) (1024K)]
  0x00000211dd2b4bd0 WorkerThread "GC Thread#0"                     [id=21520, stack(0x000000d906e00000,0x000000d906f00000) (1024K)]
  0x00000211dd2c5cf0 ConcurrentGCThread "G1 Main Marker"            [id=2008, stack(0x000000d906f00000,0x000000d907000000) (1024K)]
  0x00000211dd2c67f0 WorkerThread "G1 Conc#0"                       [id=23464, stack(0x000000d907000000,0x000000d907100000) (1024K)]
  0x00000211ff81b950 ConcurrentGCThread "G1 Refine#0"               [id=9636, stack(0x000000d907100000,0x000000d907200000) (1024K)]
  0x00000211ff81c3d0 ConcurrentGCThread "G1 Service"                [id=7776, stack(0x000000d907200000,0x000000d907300000) (1024K)]
Total: 7

Threads with active compile tasks:
Total: 0

VM state: not at safepoint (normal execution)

VM Mutex/Monitor currently owned by a thread: None

Heap address: 0x0000000600c00000, size: 8180 MB, Compressed Oops mode: Zero based, Oop shift amount: 3

CDS archive(s) mapped at: [0x0000021183000000-0x0000021183c80000-0x0000021183c80000), size 13107200, SharedBaseAddress: 0x0000021183000000, ArchiveRelocationMode: 1.
Compressed class space mapped at: 0x0000021184000000-0x00000211c4000000, reserved size: 1073741824
Narrow klass base: 0x0000021183000000, Narrow klass shift: 0, Narrow klass range: 0x100000000

GC Precious Log:
 CardTable entry size: 512
 Card Set container configuration: InlinePtr #cards 4 size 8 Array Of Cards #cards 32 size 80 Howl #buckets 8 coarsen threshold 7372 Howl Bitmap #cards 1024 size 144 coarsen threshold 921 Card regions per heap region 1 cards per card region 8192
 CPUs: 16 total, 16 available
 Memory: 32718M
 Large Page Support: Disabled
 NUMA Support: Disabled
 Compressed Oops: Enabled (Zero based)
 Heap Region Size: 4M
 Heap Min Capacity: 8M
 Heap Initial Capacity: 512M
 Heap Max Capacity: 8180M
 Pre-touch: Disabled
 Parallel Workers: 13
 Concurrent Workers: 3
 Concurrent Refinement Workers: 13
 Periodic GC: Disabled

Heap:
 garbage-first heap   total 524288K, used 8192K [0x0000000600c00000, 0x0000000800000000)
  region size 4096K, 3 young (12288K), 0 survivors (0K)
 Metaspace       used 2769K, committed 2880K, reserved 1114112K
  class space    used 253K, committed 320K, reserved 1048576K

Heap Regions: E=young(eden), S=young(survivor), O=old, HS=humongous(starts), HC=humongous(continues), CS=collection set, F=free, TAMS=top-at-mark-start, PB=parsable bottom
|   0|0x0000000600c00000, 0x0000000600c00000, 0x0000000601000000|  0%| F|  |TAMS 0x0000000600c00000| PB 0x0000000600c00000| Untracked 
|   1|0x0000000601000000, 0x0000000601000000, 0x0000000601400000|  0%| F|  |TAMS 0x0000000601000000| PB 0x0000000601000000| Untracked 
|   2|0x0000000601400000, 0x0000000601400000, 0x0000000601800000|  0%| F|  |TAMS 0x0000000601400000| PB 0x0000000601400000| Untracked 
|   3|0x0000000601800000, 0x0000000601800000, 0x0000000601c00000|  0%| F|  |TAMS 0x0000000601800000| PB 0x0000000601800000| Untracked 
|   4|0x0000000601c00000, 0x0000000601c00000, 0x0000000602000000|  0%| F|  |TAMS 0x0000000601c00000| PB 0x0000000601c00000| Untracked 
|   5|0x0000000602000000, 0x0000000602000000, 0x0000000602400000|  0%| F|  |TAMS 0x0000000602000000| PB 0x0000000602000000| Untracked 
|   6|0x0000000602400000, 0x0000000602400000, 0x0000000602800000|  0%| F|  |TAMS 0x0000000602400000| PB 0x0000000602400000| Untracked 
|   7|0x0000000602800000, 0x0000000602800000, 0x0000000602c00000|  0%| F|  |TAMS 0x0000000602800000| PB 0x0000000602800000| Untracked 
|   8|0x0000000602c00000, 0x0000000602c00000, 0x0000000603000000|  0%| F|  |TAMS 0x0000000602c00000| PB 0x0000000602c00000| Untracked 
|   9|0x0000000603000000, 0x0000000603000000, 0x0000000603400000|  0%| F|  |TAMS 0x0000000603000000| PB 0x0000000603000000| Untracked 
|  10|0x0000000603400000, 0x0000000603400000, 0x0000000603800000|  0%| F|  |TAMS 0x0000000603400000| PB 0x0000000603400000| Untracked 
|  11|0x0000000603800000, 0x0000000603800000, 0x0000000603c00000|  0%| F|  |TAMS 0x0000000603800000| PB 0x0000000603800000| Untracked 
|  12|0x0000000603c00000, 0x0000000603c00000, 0x0000000604000000|  0%| F|  |TAMS 0x0000000603c00000| PB 0x0000000603c00000| Untracked 
|  13|0x0000000604000000, 0x0000000604000000, 0x0000000604400000|  0%| F|  |TAMS 0x0000000604000000| PB 0x0000000604000000| Untracked 
|  14|0x0000000604400000, 0x0000000604400000, 0x0000000604800000|  0%| F|  |TAMS 0x0000000604400000| PB 0x0000000604400000| Untracked 
|  15|0x0000000604800000, 0x0000000604800000, 0x0000000604c00000|  0%| F|  |TAMS 0x0000000604800000| PB 0x0000000604800000| Untracked 
|  16|0x0000000604c00000, 0x0000000604c00000, 0x0000000605000000|  0%| F|  |TAMS 0x0000000604c00000| PB 0x0000000604c00000| Untracked 
|  17|0x0000000605000000, 0x0000000605000000, 0x0000000605400000|  0%| F|  |TAMS 0x0000000605000000| PB 0x0000000605000000| Untracked 
|  18|0x0000000605400000, 0x0000000605400000, 0x0000000605800000|  0%| F|  |TAMS 0x0000000605400000| PB 0x0000000605400000| Untracked 
|  19|0x0000000605800000, 0x0000000605800000, 0x0000000605c00000|  0%| F|  |TAMS 0x0000000605800000| PB 0x0000000605800000| Untracked 
|  20|0x0000000605c00000, 0x0000000605c00000, 0x0000000606000000|  0%| F|  |TAMS 0x0000000605c00000| PB 0x0000000605c00000| Untracked 
|  21|0x0000000606000000, 0x0000000606000000, 0x0000000606400000|  0%| F|  |TAMS 0x0000000606000000| PB 0x0000000606000000| Untracked 
|  22|0x0000000606400000, 0x0000000606400000, 0x0000000606800000|  0%| F|  |TAMS 0x0000000606400000| PB 0x0000000606400000| Untracked 
|  23|0x0000000606800000, 0x0000000606800000, 0x0000000606c00000|  0%| F|  |TAMS 0x0000000606800000| PB 0x0000000606800000| Untracked 
|  24|0x0000000606c00000, 0x0000000606c00000, 0x0000000607000000|  0%| F|  |TAMS 0x0000000606c00000| PB 0x0000000606c00000| Untracked 
|  25|0x0000000607000000, 0x0000000607000000, 0x0000000607400000|  0%| F|  |TAMS 0x0000000607000000| PB 0x0000000607000000| Untracked 
|  26|0x0000000607400000, 0x0000000607400000, 0x0000000607800000|  0%| F|  |TAMS 0x0000000607400000| PB 0x0000000607400000| Untracked 
|  27|0x0000000607800000, 0x0000000607800000, 0x0000000607c00000|  0%| F|  |TAMS 0x0000000607800000| PB 0x0000000607800000| Untracked 
|  28|0x0000000607c00000, 0x0000000607c00000, 0x0000000608000000|  0%| F|  |TAMS 0x0000000607c00000| PB 0x0000000607c00000| Untracked 
|  29|0x0000000608000000, 0x0000000608000000, 0x0000000608400000|  0%| F|  |TAMS 0x0000000608000000| PB 0x0000000608000000| Untracked 
|  30|0x0000000608400000, 0x0000000608400000, 0x0000000608800000|  0%| F|  |TAMS 0x0000000608400000| PB 0x0000000608400000| Untracked 
|  31|0x0000000608800000, 0x0000000608800000, 0x0000000608c00000|  0%| F|  |TAMS 0x0000000608800000| PB 0x0000000608800000| Untracked 
|  32|0x0000000608c00000, 0x0000000608c00000, 0x0000000609000000|  0%| F|  |TAMS 0x0000000608c00000| PB 0x0000000608c00000| Untracked 
|  33|0x0000000609000000, 0x0000000609000000, 0x0000000609400000|  0%| F|  |TAMS 0x0000000609000000| PB 0x0000000609000000| Untracked 
|  34|0x0000000609400000, 0x0000000609400000, 0x0000000609800000|  0%| F|  |TAMS 0x0000000609400000| PB 0x0000000609400000| Untracked 
|  35|0x0000000609800000, 0x0000000609800000, 0x0000000609c00000|  0%| F|  |TAMS 0x0000000609800000| PB 0x0000000609800000| Untracked 
|  36|0x0000000609c00000, 0x0000000609c00000, 0x000000060a000000|  0%| F|  |TAMS 0x0000000609c00000| PB 0x0000000609c00000| Untracked 
|  37|0x000000060a000000, 0x000000060a000000, 0x000000060a400000|  0%| F|  |TAMS 0x000000060a000000| PB 0x000000060a000000| Untracked 
|  38|0x000000060a400000, 0x000000060a400000, 0x000000060a800000|  0%| F|  |TAMS 0x000000060a400000| PB 0x000000060a400000| Untracked 
|  39|0x000000060a800000, 0x000000060a800000, 0x000000060ac00000|  0%| F|  |TAMS 0x000000060a800000| PB 0x000000060a800000| Untracked 
|  40|0x000000060ac00000, 0x000000060ac00000, 0x000000060b000000|  0%| F|  |TAMS 0x000000060ac00000| PB 0x000000060ac00000| Untracked 
|  41|0x000000060b000000, 0x000000060b000000, 0x000000060b400000|  0%| F|  |TAMS 0x000000060b000000| PB 0x000000060b000000| Untracked 
|  42|0x000000060b400000, 0x000000060b400000, 0x000000060b800000|  0%| F|  |TAMS 0x000000060b400000| PB 0x000000060b400000| Untracked 
|  43|0x000000060b800000, 0x000000060b800000, 0x000000060bc00000|  0%| F|  |TAMS 0x000000060b800000| PB 0x000000060b800000| Untracked 
|  44|0x000000060bc00000, 0x000000060bc00000, 0x000000060c000000|  0%| F|  |TAMS 0x000000060bc00000| PB 0x000000060bc00000| Untracked 
|  45|0x000000060c000000, 0x000000060c000000, 0x000000060c400000|  0%| F|  |TAMS 0x000000060c000000| PB 0x000000060c000000| Untracked 
|  46|0x000000060c400000, 0x000000060c400000, 0x000000060c800000|  0%| F|  |TAMS 0x000000060c400000| PB 0x000000060c400000| Untracked 
|  47|0x000000060c800000, 0x000000060c800000, 0x000000060cc00000|  0%| F|  |TAMS 0x000000060c800000| PB 0x000000060c800000| Untracked 
|  48|0x000000060cc00000, 0x000000060cc00000, 0x000000060d000000|  0%| F|  |TAMS 0x000000060cc00000| PB 0x000000060cc00000| Untracked 
|  49|0x000000060d000000, 0x000000060d000000, 0x000000060d400000|  0%| F|  |TAMS 0x000000060d000000| PB 0x000000060d000000| Untracked 
|  50|0x000000060d400000, 0x000000060d400000, 0x000000060d800000|  0%| F|  |TAMS 0x000000060d400000| PB 0x000000060d400000| Untracked 
|  51|0x000000060d800000, 0x000000060d800000, 0x000000060dc00000|  0%| F|  |TAMS 0x000000060d800000| PB 0x000000060d800000| Untracked 
|  52|0x000000060dc00000, 0x000000060dc00000, 0x000000060e000000|  0%| F|  |TAMS 0x000000060dc00000| PB 0x000000060dc00000| Untracked 
|  53|0x000000060e000000, 0x000000060e000000, 0x000000060e400000|  0%| F|  |TAMS 0x000000060e000000| PB 0x000000060e000000| Untracked 
|  54|0x000000060e400000, 0x000000060e400000, 0x000000060e800000|  0%| F|  |TAMS 0x000000060e400000| PB 0x000000060e400000| Untracked 
|  55|0x000000060e800000, 0x000000060e800000, 0x000000060ec00000|  0%| F|  |TAMS 0x000000060e800000| PB 0x000000060e800000| Untracked 
|  56|0x000000060ec00000, 0x000000060ec00000, 0x000000060f000000|  0%| F|  |TAMS 0x000000060ec00000| PB 0x000000060ec00000| Untracked 
|  57|0x000000060f000000, 0x000000060f000000, 0x000000060f400000|  0%| F|  |TAMS 0x000000060f000000| PB 0x000000060f000000| Untracked 
|  58|0x000000060f400000, 0x000000060f400000, 0x000000060f800000|  0%| F|  |TAMS 0x000000060f400000| PB 0x000000060f400000| Untracked 
|  59|0x000000060f800000, 0x000000060f800000, 0x000000060fc00000|  0%| F|  |TAMS 0x000000060f800000| PB 0x000000060f800000| Untracked 
|  60|0x000000060fc00000, 0x000000060fc00000, 0x0000000610000000|  0%| F|  |TAMS 0x000000060fc00000| PB 0x000000060fc00000| Untracked 
|  61|0x0000000610000000, 0x0000000610000000, 0x0000000610400000|  0%| F|  |TAMS 0x0000000610000000| PB 0x0000000610000000| Untracked 
|  62|0x0000000610400000, 0x0000000610400000, 0x0000000610800000|  0%| F|  |TAMS 0x0000000610400000| PB 0x0000000610400000| Untracked 
|  63|0x0000000610800000, 0x0000000610800000, 0x0000000610c00000|  0%| F|  |TAMS 0x0000000610800000| PB 0x0000000610800000| Untracked 
|  64|0x0000000610c00000, 0x0000000610c00000, 0x0000000611000000|  0%| F|  |TAMS 0x0000000610c00000| PB 0x0000000610c00000| Untracked 
|  65|0x0000000611000000, 0x0000000611000000, 0x0000000611400000|  0%| F|  |TAMS 0x0000000611000000| PB 0x0000000611000000| Untracked 
|  66|0x0000000611400000, 0x0000000611400000, 0x0000000611800000|  0%| F|  |TAMS 0x0000000611400000| PB 0x0000000611400000| Untracked 
|  67|0x0000000611800000, 0x0000000611800000, 0x0000000611c00000|  0%| F|  |TAMS 0x0000000611800000| PB 0x0000000611800000| Untracked 
|  68|0x0000000611c00000, 0x0000000611c00000, 0x0000000612000000|  0%| F|  |TAMS 0x0000000611c00000| PB 0x0000000611c00000| Untracked 
|  69|0x0000000612000000, 0x0000000612000000, 0x0000000612400000|  0%| F|  |TAMS 0x0000000612000000| PB 0x0000000612000000| Untracked 
|  70|0x0000000612400000, 0x0000000612400000, 0x0000000612800000|  0%| F|  |TAMS 0x0000000612400000| PB 0x0000000612400000| Untracked 
|  71|0x0000000612800000, 0x0000000612800000, 0x0000000612c00000|  0%| F|  |TAMS 0x0000000612800000| PB 0x0000000612800000| Untracked 
|  72|0x0000000612c00000, 0x0000000612c00000, 0x0000000613000000|  0%| F|  |TAMS 0x0000000612c00000| PB 0x0000000612c00000| Untracked 
|  73|0x0000000613000000, 0x0000000613000000, 0x0000000613400000|  0%| F|  |TAMS 0x0000000613000000| PB 0x0000000613000000| Untracked 
|  74|0x0000000613400000, 0x0000000613400000, 0x0000000613800000|  0%| F|  |TAMS 0x0000000613400000| PB 0x0000000613400000| Untracked 
|  75|0x0000000613800000, 0x0000000613800000, 0x0000000613c00000|  0%| F|  |TAMS 0x0000000613800000| PB 0x0000000613800000| Untracked 
|  76|0x0000000613c00000, 0x0000000613c00000, 0x0000000614000000|  0%| F|  |TAMS 0x0000000613c00000| PB 0x0000000613c00000| Untracked 
|  77|0x0000000614000000, 0x0000000614000000, 0x0000000614400000|  0%| F|  |TAMS 0x0000000614000000| PB 0x0000000614000000| Untracked 
|  78|0x0000000614400000, 0x0000000614400000, 0x0000000614800000|  0%| F|  |TAMS 0x0000000614400000| PB 0x0000000614400000| Untracked 
|  79|0x0000000614800000, 0x0000000614800000, 0x0000000614c00000|  0%| F|  |TAMS 0x0000000614800000| PB 0x0000000614800000| Untracked 
|  80|0x0000000614c00000, 0x0000000614c00000, 0x0000000615000000|  0%| F|  |TAMS 0x0000000614c00000| PB 0x0000000614c00000| Untracked 
|  81|0x0000000615000000, 0x0000000615000000, 0x0000000615400000|  0%| F|  |TAMS 0x0000000615000000| PB 0x0000000615000000| Untracked 
|  82|0x0000000615400000, 0x0000000615400000, 0x0000000615800000|  0%| F|  |TAMS 0x0000000615400000| PB 0x0000000615400000| Untracked 
|  83|0x0000000615800000, 0x0000000615800000, 0x0000000615c00000|  0%| F|  |TAMS 0x0000000615800000| PB 0x0000000615800000| Untracked 
|  84|0x0000000615c00000, 0x0000000615c00000, 0x0000000616000000|  0%| F|  |TAMS 0x0000000615c00000| PB 0x0000000615c00000| Untracked 
|  85|0x0000000616000000, 0x0000000616000000, 0x0000000616400000|  0%| F|  |TAMS 0x0000000616000000| PB 0x0000000616000000| Untracked 
|  86|0x0000000616400000, 0x0000000616400000, 0x0000000616800000|  0%| F|  |TAMS 0x0000000616400000| PB 0x0000000616400000| Untracked 
|  87|0x0000000616800000, 0x0000000616800000, 0x0000000616c00000|  0%| F|  |TAMS 0x0000000616800000| PB 0x0000000616800000| Untracked 
|  88|0x0000000616c00000, 0x0000000616c00000, 0x0000000617000000|  0%| F|  |TAMS 0x0000000616c00000| PB 0x0000000616c00000| Untracked 
|  89|0x0000000617000000, 0x0000000617000000, 0x0000000617400000|  0%| F|  |TAMS 0x0000000617000000| PB 0x0000000617000000| Untracked 
|  90|0x0000000617400000, 0x0000000617400000, 0x0000000617800000|  0%| F|  |TAMS 0x0000000617400000| PB 0x0000000617400000| Untracked 
|  91|0x0000000617800000, 0x0000000617800000, 0x0000000617c00000|  0%| F|  |TAMS 0x0000000617800000| PB 0x0000000617800000| Untracked 
|  92|0x0000000617c00000, 0x0000000617c00000, 0x0000000618000000|  0%| F|  |TAMS 0x0000000617c00000| PB 0x0000000617c00000| Untracked 
|  93|0x0000000618000000, 0x0000000618000000, 0x0000000618400000|  0%| F|  |TAMS 0x0000000618000000| PB 0x0000000618000000| Untracked 
|  94|0x0000000618400000, 0x0000000618400000, 0x0000000618800000|  0%| F|  |TAMS 0x0000000618400000| PB 0x0000000618400000| Untracked 
|  95|0x0000000618800000, 0x0000000618800000, 0x0000000618c00000|  0%| F|  |TAMS 0x0000000618800000| PB 0x0000000618800000| Untracked 
|  96|0x0000000618c00000, 0x0000000618c00000, 0x0000000619000000|  0%| F|  |TAMS 0x0000000618c00000| PB 0x0000000618c00000| Untracked 
|  97|0x0000000619000000, 0x0000000619000000, 0x0000000619400000|  0%| F|  |TAMS 0x0000000619000000| PB 0x0000000619000000| Untracked 
|  98|0x0000000619400000, 0x0000000619400000, 0x0000000619800000|  0%| F|  |TAMS 0x0000000619400000| PB 0x0000000619400000| Untracked 
|  99|0x0000000619800000, 0x0000000619800000, 0x0000000619c00000|  0%| F|  |TAMS 0x0000000619800000| PB 0x0000000619800000| Untracked 
| 100|0x0000000619c00000, 0x0000000619c00000, 0x000000061a000000|  0%| F|  |TAMS 0x0000000619c00000| PB 0x0000000619c00000| Untracked 
| 101|0x000000061a000000, 0x000000061a000000, 0x000000061a400000|  0%| F|  |TAMS 0x000000061a000000| PB 0x000000061a000000| Untracked 
| 102|0x000000061a400000, 0x000000061a400000, 0x000000061a800000|  0%| F|  |TAMS 0x000000061a400000| PB 0x000000061a400000| Untracked 
| 103|0x000000061a800000, 0x000000061a800000, 0x000000061ac00000|  0%| F|  |TAMS 0x000000061a800000| PB 0x000000061a800000| Untracked 
| 104|0x000000061ac00000, 0x000000061ac00000, 0x000000061b000000|  0%| F|  |TAMS 0x000000061ac00000| PB 0x000000061ac00000| Untracked 
| 105|0x000000061b000000, 0x000000061b000000, 0x000000061b400000|  0%| F|  |TAMS 0x000000061b000000| PB 0x000000061b000000| Untracked 
| 106|0x000000061b400000, 0x000000061b400000, 0x000000061b800000|  0%| F|  |TAMS 0x000000061b400000| PB 0x000000061b400000| Untracked 
| 107|0x000000061b800000, 0x000000061b800000, 0x000000061bc00000|  0%| F|  |TAMS 0x000000061b800000| PB 0x000000061b800000| Untracked 
| 108|0x000000061bc00000, 0x000000061bc00000, 0x000000061c000000|  0%| F|  |TAMS 0x000000061bc00000| PB 0x000000061bc00000| Untracked 
| 109|0x000000061c000000, 0x000000061c000000, 0x000000061c400000|  0%| F|  |TAMS 0x000000061c000000| PB 0x000000061c000000| Untracked 
| 110|0x000000061c400000, 0x000000061c400000, 0x000000061c800000|  0%| F|  |TAMS 0x000000061c400000| PB 0x000000061c400000| Untracked 
| 111|0x000000061c800000, 0x000000061c800000, 0x000000061cc00000|  0%| F|  |TAMS 0x000000061c800000| PB 0x000000061c800000| Untracked 
| 112|0x000000061cc00000, 0x000000061cc00000, 0x000000061d000000|  0%| F|  |TAMS 0x000000061cc00000| PB 0x000000061cc00000| Untracked 
| 113|0x000000061d000000, 0x000000061d000000, 0x000000061d400000|  0%| F|  |TAMS 0x000000061d000000| PB 0x000000061d000000| Untracked 
| 114|0x000000061d400000, 0x000000061d400000, 0x000000061d800000|  0%| F|  |TAMS 0x000000061d400000| PB 0x000000061d400000| Untracked 
| 115|0x000000061d800000, 0x000000061d800000, 0x000000061dc00000|  0%| F|  |TAMS 0x000000061d800000| PB 0x000000061d800000| Untracked 
| 116|0x000000061dc00000, 0x000000061dc00000, 0x000000061e000000|  0%| F|  |TAMS 0x000000061dc00000| PB 0x000000061dc00000| Untracked 
| 117|0x000000061e000000, 0x000000061e000000, 0x000000061e400000|  0%| F|  |TAMS 0x000000061e000000| PB 0x000000061e000000| Untracked 
| 118|0x000000061e400000, 0x000000061e400000, 0x000000061e800000|  0%| F|  |TAMS 0x000000061e400000| PB 0x000000061e400000| Untracked 
| 119|0x000000061e800000, 0x000000061e800000, 0x000000061ec00000|  0%| F|  |TAMS 0x000000061e800000| PB 0x000000061e800000| Untracked 
| 120|0x000000061ec00000, 0x000000061ec00000, 0x000000061f000000|  0%| F|  |TAMS 0x000000061ec00000| PB 0x000000061ec00000| Untracked 
| 121|0x000000061f000000, 0x000000061f000000, 0x000000061f400000|  0%| F|  |TAMS 0x000000061f000000| PB 0x000000061f000000| Untracked 
| 122|0x000000061f400000, 0x000000061f400000, 0x000000061f800000|  0%| F|  |TAMS 0x000000061f400000| PB 0x000000061f400000| Untracked 
| 123|0x000000061f800000, 0x000000061f800000, 0x000000061fc00000|  0%| F|  |TAMS 0x000000061f800000| PB 0x000000061f800000| Untracked 
| 124|0x000000061fc00000, 0x000000061fc00000, 0x0000000620000000|  0%| F|  |TAMS 0x000000061fc00000| PB 0x000000061fc00000| Untracked 
| 125|0x0000000620000000, 0x00000006202e1610, 0x0000000620400000| 72%| E|  |TAMS 0x0000000620000000| PB 0x0000000620000000| Complete 
| 126|0x0000000620400000, 0x0000000620800000, 0x0000000620800000|100%| E|CS|TAMS 0x0000000620400000| PB 0x0000000620400000| Complete 
| 127|0x0000000620800000, 0x0000000620c00000, 0x0000000620c00000|100%| E|CS|TAMS 0x0000000620800000| PB 0x0000000620800000| Complete 

Card table byte_map: [0x00000211f6180000,0x00000211f7180000] _byte_map_base: 0x00000211f317a000

Marking Bits: (CMBitMap*) 0x00000211dd2b52d0
 Bits: [0x00000211f7180000, 0x00000211ff150000)

Polling page: 0x00000211dc9e0000

Metaspace:

Usage:
  Non-class:      2.46 MB used.
      Class:    253.23 KB used.
       Both:      2.70 MB used.

Virtual space:
  Non-class space:       64.00 MB reserved,       2.50 MB (  4%) committed,  1 nodes.
      Class space:        1.00 GB reserved,     320.00 KB ( <1%) committed,  1 nodes.
             Both:        1.06 GB reserved,       2.81 MB ( <1%) committed. 

Chunk freelists:
   Non-Class:  11.88 MB
       Class:  15.70 MB
        Both:  27.58 MB

MaxMetaspaceSize: unlimited
CompressedClassSpaceSize: 1.00 GB
Initial GC threshold: 21.00 MB
Current GC threshold: 21.00 MB
CDS: on
 - commit_granule_bytes: 65536.
 - commit_granule_words: 8192.
 - virtual_space_node_default_size: 8388608.
 - enlarge_chunks_in_place: 1.
 - use_allocation_guard: 0.


Internal statistics:

num_allocs_failed_limit: 0.
num_arena_births: 90.
num_arena_deaths: 0.
num_vsnodes_births: 2.
num_vsnodes_deaths: 0.
num_space_committed: 45.
num_space_uncommitted: 0.
num_chunks_returned_to_freelist: 0.
num_chunks_taken_from_freelist: 107.
num_chunk_merges: 0.
num_chunk_splits: 69.
num_chunks_enlarged: 32.
num_inconsistent_stats: 0.

CodeHeap 'non-profiled nmethods': size=119168Kb used=145Kb max_used=145Kb free=119022Kb
 bounds [0x00000211ed4a0000, 0x00000211ed710000, 0x00000211f4900000]
CodeHeap 'profiled nmethods': size=119104Kb used=620Kb max_used=620Kb free=118483Kb
 bounds [0x00000211e5900000, 0x00000211e5b70000, 0x00000211ecd50000]
CodeHeap 'non-nmethods': size=7488Kb used=1449Kb max_used=2584Kb free=6038Kb
 bounds [0x00000211ecd50000, 0x00000211ecfe0000, 0x00000211ed4a0000]
 total_blobs=915 nmethods=431 adapters=389
 compilation: enabled
              stopped_count=0, restarted_count=0
 full_count=0

Compilation events (20 events):
Event: 0.732 Thread 0x000002118227fd90 nmethod 416 0x00000211ed4c2d10 code [0x00000211ed4c2ea0, 0x00000211ed4c2f30]
Event: 0.732 Thread 0x00000211822862b0  420       3       java.util.ArrayList::add (25 bytes)
Event: 0.732 Thread 0x0000021182282c30  421       3       java.util.ArrayList::add (23 bytes)
Event: 0.732 Thread 0x00000211822839d0 nmethod 417 0x00000211e5996690 code [0x00000211e59968c0, 0x00000211e5997070]
Event: 0.732 Thread 0x00000211822862b0 nmethod 420 0x00000211e5997310 code [0x00000211e59974e0, 0x00000211e5997918]
Event: 0.732 Thread 0x0000021182282c30 nmethod 421 0x00000211e5997b10 code [0x00000211e5997ce0, 0x00000211e5998090]
Event: 4.455 Thread 0x000002118227fd90  422 %     4       java.lang.StringLatin1::indexOfChar @ 7 (33 bytes)
Event: 4.455 Thread 0x0000021182282c30  423       3       java.lang.CharacterDataLatin1::getProperties (11 bytes)
Event: 4.455 Thread 0x0000021182282c30 nmethod 423 0x00000211e5998210 code [0x00000211e59983c0, 0x00000211e5998508]
Event: 4.457 Thread 0x000002118227fd90 nmethod 422% 0x00000211ed4c3010 code [0x00000211ed4c31a0, 0x00000211ed4c33e8]
Event: 787.669 Thread 0x000002118227fd90  426       4       java.lang.String::hashCode (60 bytes)
Event: 787.670 Thread 0x000002118227fd90 nmethod 426 0x00000211ed4c4210 code [0x00000211ed4c43a0, 0x00000211ed4c44b8]
Event: 788.187 Thread 0x00000211822862b0  428       3       java.lang.invoke.MethodHandle::<init> (37 bytes)
Event: 788.188 Thread 0x00000211822862b0 nmethod 428 0x00000211e5998610 code [0x00000211e5998840, 0x00000211e5998de0]
Event: 788.188 Thread 0x00000211822862b0  430       3       java.util.concurrent.ConcurrentHashMap$Traverser::advance (188 bytes)
Event: 788.188 Thread 0x00000211822862b0 nmethod 430 0x00000211e5999090 code [0x00000211e59992e0, 0x00000211e5999e78]
Event: 788.189 Thread 0x00000211822862b0  429       3       java.lang.invoke.LambdaForm::prepare (108 bytes)
Event: 788.189 Thread 0x00000211822862b0 nmethod 429 0x00000211e599a110 code [0x00000211e599a360, 0x00000211e599ab78]
Event: 788.504 Thread 0x00000211822862b0  431       3       java.util.HashMap::isEmpty (13 bytes)
Event: 788.504 Thread 0x00000211822862b0 nmethod 431 0x00000211e599ae90 code [0x00000211e599b020, 0x00000211e599b180]

GC Heap History (0 events):
No events

Dll operation events (7 events):
Event: 0.006 Loaded shared library C:\Program Files\BlueJ\jdk\bin\java.dll
Event: 0.035 Loaded shared library C:\Program Files\BlueJ\jdk\bin\jsvml.dll
Event: 0.481 Loaded shared library C:\Program Files\BlueJ\jdk\bin\net.dll
Event: 0.483 Loaded shared library C:\Program Files\BlueJ\jdk\bin\nio.dll
Event: 0.502 Loaded shared library C:\Program Files\BlueJ\jdk\bin\zip.dll
Event: 0.599 Loaded shared library C:\Program Files\BlueJ\jdk\bin\jimage.dll
Event: 0.604 Loaded shared library C:\Program Files\BlueJ\jdk\bin\awt.dll

Deoptimization events (8 events):
Event: 0.590 Thread 0x00000211dae8e330 Uncommon trap: trap_request=0xffffff45 fr.pc=0x00000211ed4ad378 relative=0x00000000000002b8
Event: 0.590 Thread 0x00000211dae8e330 Uncommon trap: reason=unstable_if action=reinterpret pc=0x00000211ed4ad378 method=java.lang.StringLatin1.hashCode([B)I @ 2 c2
Event: 0.590 Thread 0x00000211dae8e330 DEOPT PACKING pc=0x00000211ed4ad378 sp=0x000000d906dfa270
Event: 0.590 Thread 0x00000211dae8e330 DEOPT UNPACKING pc=0x00000211ecda46a2 sp=0x000000d906dfa1a8 mode 2
Event: 0.637 Thread 0x00000211dae8e330 Uncommon trap: trap_request=0xffffff45 fr.pc=0x00000211ed4aa26c relative=0x00000000000008cc
Event: 0.637 Thread 0x00000211dae8e330 Uncommon trap: reason=unstable_if action=reinterpret pc=0x00000211ed4aa26c method=java.util.zip.ZipFile$Source.checkAndAddEntry(II)I @ 50 c2
Event: 0.637 Thread 0x00000211dae8e330 DEOPT PACKING pc=0x00000211ed4aa26c sp=0x000000d906dfd070
Event: 0.637 Thread 0x00000211dae8e330 DEOPT UNPACKING pc=0x00000211ecda46a2 sp=0x000000d906dfd000 mode 2

Classes loaded (20 events):
Event: 788.186 Loading class sun/java2d/d3d/D3DContext$D3DContextCaps
Event: 788.186 Loading class sun/java2d/pipe/hw/ContextCapabilities
Event: 788.187 Loading class sun/java2d/pipe/hw/ContextCapabilities done
Event: 788.187 Loading class sun/java2d/d3d/D3DContext$D3DContextCaps done
Event: 788.188 Loading class sun/awt/Win32GraphicsConfig
Event: 788.188 Loading class sun/awt/image/SurfaceManager$ProxiedGraphicsConfig
Event: 788.188 Loading class sun/awt/image/SurfaceManager$ProxiedGraphicsConfig done
Event: 788.188 Loading class java/awt/GraphicsConfiguration
Event: 788.188 Loading class java/awt/GraphicsConfiguration done
Event: 788.188 Loading class sun/awt/Win32GraphicsConfig done
Event: 788.189 Loading class java/awt/Rectangle
Event: 788.189 Loading class java/awt/Shape
Event: 788.189 Loading class java/awt/Shape done
Event: 788.189 Loading class java/awt/geom/Rectangle2D
Event: 788.189 Loading class java/awt/geom/RectangularShape
Event: 788.189 Loading class java/awt/geom/RectangularShape done
Event: 788.189 Loading class java/awt/geom/Rectangle2D done
Event: 788.189 Loading class java/awt/Rectangle done
Event: 790.611 Loading class java/util/ArrayList$ListItr
Event: 790.611 Loading class java/util/ArrayList$ListItr done

Classes unloaded (0 events):
No events

Classes redefined (0 events):
No events

Internal exceptions (3 events):
Event: 0.586 Thread 0x00000211dae8e330 Exception <a 'java/lang/ClassNotFoundException'{0x00000006204ce900}: sun/awt/resources/spi/awtProvider> (0x00000006204ce900) 
thrown [s\src\hotspot\share\classfile\systemDictionary.cpp, line 312]
Event: 0.617 Thread 0x00000211dae8e330 Exception <a 'java/io/FileNotFoundException'{0x0000000620531a78}> (0x0000000620531a78) 
thrown [s\src\hotspot\share\prims\jni.cpp, line 520]
Event: 0.624 Thread 0x00000211dae8e330 Exception <a 'java/io/FileNotFoundException'{0x000000062055c3a0}> (0x000000062055c3a0) 
thrown [s\src\hotspot\share\prims\jni.cpp, line 520]

ZGC Phase Switch (0 events):
No events

VM Operations (20 events):
Event: 0.572 Executing VM operation: ChangeBreakpoints
Event: 0.572 Executing VM operation: ChangeBreakpoints done
Event: 1.574 Executing VM operation: Cleanup
Event: 1.574 Executing VM operation: Cleanup done
Event: 1.717 Executing VM operation: HandshakeAllThreads (Deoptimize)
Event: 1.717 Executing VM operation: HandshakeAllThreads (Deoptimize) done
Event: 60.032 Executing VM operation: HandshakeAllThreads (HandshakeForDeflation)
Event: 60.032 Executing VM operation: HandshakeAllThreads (HandshakeForDeflation) done
Event: 60.032 Executing VM operation: RendezvousGCThreads
Event: 60.032 Executing VM operation: RendezvousGCThreads done
Event: 721.536 Executing VM operation: HandshakeAllThreads (HandshakeForDeflation)
Event: 721.536 Executing VM operation: HandshakeAllThreads (HandshakeForDeflation) done
Event: 721.536 Executing VM operation: RendezvousGCThreads
Event: 721.536 Executing VM operation: RendezvousGCThreads done
Event: 781.557 Executing VM operation: HandshakeAllThreads (HandshakeForDeflation)
Event: 781.557 Executing VM operation: HandshakeAllThreads (HandshakeForDeflation) done
Event: 781.557 Executing VM operation: RendezvousGCThreads
Event: 781.557 Executing VM operation: RendezvousGCThreads done
Event: 788.596 Executing VM operation: Cleanup
Event: 788.596 Executing VM operation: Cleanup done

Memory protections (0 events):
No events

Nmethod flushes (0 events):
No events

Events (20 events):
Event: 0.691 Thread 0x00000211dae8e330 Thread added: 0x0000021182818ab0
Event: 0.692 Thread 0x00000211dae8e330 Thread added: 0x00000211828317d0
Event: 0.694 Thread 0x00000211dae8e330 Thread added: 0x00000211828354c0
Event: 0.710 Thread 0x00000211dae8e330 Thread added: 0x00000211828456c0
Event: 0.710 Thread 0x00000211dae8e330 Thread added: 0x0000021182845d20
Event: 0.711 Thread 0x00000211dae8e330 Thread exited: 0x00000211dae8e330
Event: 0.711 Thread 0x00000211dae8e330 Thread added: 0x00000211dae8e330
Event: 1.718 Thread 0x00000211828317d0 Thread exited: 0x00000211828317d0
Event: 4.452 Thread 0x00000211828456c0 Thread added: 0x00000211828317d0
Event: 4.453 Thread 0x00000211828456c0 Thread exited: 0x00000211828456c0
Event: 4.455 Thread 0x00000211822839d0 Thread exited: 0x00000211822839d0
Event: 9.456 Thread 0x0000021182282c30 Thread exited: 0x0000021182282c30
Event: 667.309 Thread 0x00000211828354c0 Thread added: 0x00000211dae69640
Event: 668.313 Thread 0x00000211dae69640 Thread exited: 0x00000211dae69640
Event: 742.138 Thread 0x00000211828354c0 Thread added: 0x00000211dae69640
Event: 743.141 Thread 0x00000211dae69640 Thread exited: 0x00000211dae69640
Event: 785.880 Thread 0x00000211828354c0 Thread added: 0x00000211dae69640
Event: 786.978 Thread 0x00000211dae69640 Thread exited: 0x00000211dae69640
Event: 787.660 Thread 0x00000211828354c0 Thread added: 0x00000211dae69640
Event: 787.671 Thread 0x00000211828354c0 Thread added: 0x00000211824c0c80


Dynamic libraries:
0x00007ff7b09a0000 - 0x00007ff7b09ae000 	C:\Program Files\BlueJ\jdk\bin\java.exe
0x00007ff84bb70000 - 0x00007ff84bd68000 	C:\WINDOWS\SYSTEM32\ntdll.dll
0x00007ff84ba60000 - 0x00007ff84bb22000 	C:\WINDOWS\System32\KERNEL32.DLL
0x00007ff849730000 - 0x00007ff849a26000 	C:\WINDOWS\System32\KERNELBASE.dll
0x00007ff849200000 - 0x00007ff849300000 	C:\WINDOWS\System32\ucrtbase.dll
0x00007ff830de0000 - 0x00007ff830dfe000 	C:\Program Files\BlueJ\jdk\bin\VCRUNTIME140.dll
0x00007ff836360000 - 0x00007ff836378000 	C:\Program Files\BlueJ\jdk\bin\jli.dll
0x00007ff84ab50000 - 0x00007ff84acf1000 	C:\WINDOWS\System32\USER32.dll
0x00007ff849b60000 - 0x00007ff849b82000 	C:\WINDOWS\System32\win32u.dll
0x00007ff8399d0000 - 0x00007ff839c6b000 	C:\WINDOWS\WinSxS\amd64_microsoft.windows.common-controls_6595b64144ccf1df_6.0.19041.6456_none_60b8a6cb71f64256\COMCTL32.dll
0x00007ff84a300000 - 0x00007ff84a32b000 	C:\WINDOWS\System32\GDI32.dll
0x00007ff84a3c0000 - 0x00007ff84a45e000 	C:\WINDOWS\System32\msvcrt.dll
0x00007ff849460000 - 0x00007ff849579000 	C:\WINDOWS\System32\gdi32full.dll
0x00007ff849a30000 - 0x00007ff849acd000 	C:\WINDOWS\System32\msvcp_win.dll
0x00007ff84a7b0000 - 0x00007ff84a7df000 	C:\WINDOWS\System32\IMM32.DLL
0x00007ff838660000 - 0x00007ff83866c000 	C:\Program Files\BlueJ\jdk\bin\vcruntime140_1.dll
0x00007ff81b140000 - 0x00007ff81b1cd000 	C:\Program Files\BlueJ\jdk\bin\msvcp140.dll
0x00007ffff8c40000 - 0x00007ffff99d0000 	C:\Program Files\BlueJ\jdk\bin\server\jvm.dll
0x00007ff84a520000 - 0x00007ff84a5d1000 	C:\WINDOWS\System32\ADVAPI32.dll
0x00007ff849d90000 - 0x00007ff849e2f000 	C:\WINDOWS\System32\sechost.dll
0x00007ff84a690000 - 0x00007ff84a7b0000 	C:\WINDOWS\System32\RPCRT4.dll
0x00007ff849430000 - 0x00007ff849457000 	C:\WINDOWS\System32\bcrypt.dll
0x00007ff84a160000 - 0x00007ff84a1cb000 	C:\WINDOWS\System32\WS2_32.dll
0x00007ff848d70000 - 0x00007ff848dbb000 	C:\WINDOWS\SYSTEM32\POWRPROF.dll
0x00007ff83b700000 - 0x00007ff83b70a000 	C:\WINDOWS\SYSTEM32\VERSION.dll
0x00007ff83b540000 - 0x00007ff83b567000 	C:\WINDOWS\SYSTEM32\WINMM.dll
0x00007ff848c60000 - 0x00007ff848c72000 	C:\WINDOWS\SYSTEM32\UMPDC.dll
0x00007ff8479f0000 - 0x00007ff847a02000 	C:\WINDOWS\SYSTEM32\kernel.appcore.dll
0x00007ff837d00000 - 0x00007ff837d0a000 	C:\Program Files\BlueJ\jdk\bin\jimage.dll
0x00007ff846d60000 - 0x00007ff846f61000 	C:\WINDOWS\SYSTEM32\DBGHELP.DLL
0x00007ff834010000 - 0x00007ff834044000 	C:\WINDOWS\SYSTEM32\dbgcore.DLL
0x00007ff849ad0000 - 0x00007ff849b52000 	C:\WINDOWS\System32\bcryptPrimitives.dll
0x00007ff812050000 - 0x00007ff81208c000 	C:\Program Files\BlueJ\jdk\bin\jdwp.dll
0x00007ff82db10000 - 0x00007ff82db2f000 	C:\Program Files\BlueJ\jdk\bin\java.dll
0x00007ff84b180000 - 0x00007ff84b8f0000 	C:\WINDOWS\System32\SHELL32.dll
0x00007ff847230000 - 0x00007ff8479d5000 	C:\WINDOWS\SYSTEM32\windows.storage.dll
0x00007ff84a7e0000 - 0x00007ff84ab34000 	C:\WINDOWS\System32\combase.dll
0x00007ff848a70000 - 0x00007ff848a9b000 	C:\WINDOWS\SYSTEM32\Wldp.dll
0x00007ff84a1d0000 - 0x00007ff84a29d000 	C:\WINDOWS\System32\OLEAUT32.dll
0x00007ff849cc0000 - 0x00007ff849d6d000 	C:\WINDOWS\System32\SHCORE.dll
0x00007ff84a2a0000 - 0x00007ff84a2fb000 	C:\WINDOWS\System32\shlwapi.dll
0x00007ff849130000 - 0x00007ff849154000 	C:\WINDOWS\SYSTEM32\profapi.dll
0x00007ff80f710000 - 0x00007ff80f7e7000 	C:\Program Files\BlueJ\jdk\bin\jsvml.dll
0x00007ff8256e0000 - 0x00007ff8256eb000 	C:\Program Files\BlueJ\jdk\bin\dt_shmem.dll
0x00007ff836350000 - 0x00007ff836360000 	C:\Program Files\BlueJ\jdk\bin\net.dll
0x00007ff8421e0000 - 0x00007ff8422ea000 	C:\WINDOWS\SYSTEM32\WINHTTP.dll
0x00007ff848850000 - 0x00007ff8488ba000 	C:\WINDOWS\system32\mswsock.dll
0x00007ff82cbe0000 - 0x00007ff82cbf6000 	C:\Program Files\BlueJ\jdk\bin\nio.dll
0x00007ff82cbc0000 - 0x00007ff82cbd8000 	C:\Program Files\BlueJ\jdk\bin\zip.dll
0x00007fffffe60000 - 0x00007ffffffee000 	C:\Program Files\BlueJ\jdk\bin\awt.dll
0x00007ff8445e0000 - 0x00007ff844674000 	C:\WINDOWS\SYSTEM32\apphelp.dll
0x00007ff845c80000 - 0x00007ff845d1e000 	C:\WINDOWS\system32\uxtheme.dll
0x00007ff849e30000 - 0x00007ff849f45000 	C:\WINDOWS\System32\MSCTF.dll
0x00007ff849b90000 - 0x00007ff849cbb000 	C:\WINDOWS\System32\ole32.dll
0x00007ff846050000 - 0x00007ff84607e000 	C:\WINDOWS\system32\DWMAPI.DLL
0x00007ff832f30000 - 0x00007ff833058000 	C:\WINDOWS\system32\opengl32.dll
0x00007ff832a20000 - 0x00007ff832a4c000 	C:\WINDOWS\SYSTEM32\GLU32.dll

dbghelp: loaded successfully - version: 4.0.5 - missing functions: none
symbol engine: initialized successfully - sym options: 0x614 - pdb path: .;C:\Program Files\BlueJ\jdk\bin;C:\WINDOWS\SYSTEM32;C:\WINDOWS\WinSxS\amd64_microsoft.windows.common-controls_6595b64144ccf1df_6.0.19041.6456_none_60b8a6cb71f64256;C:\Program Files\BlueJ\jdk\bin\server

VM Arguments:
jvm_args: -ea -agentlib:jdwp=transport=dt_shmem,address=javadebug -Dfile.encoding=UTF-8 
java_command: bluej.runtime.ExecServer UTF-8
java_class_path (initial): C:\Program Files\BlueJ\lib\bluejcore.jar;C:\Program Files\BlueJ\lib\javafx-base-23.0.2-win.jar;C:\Program Files\BlueJ\lib\javafx-controls-23.0.2-win.jar;C:\Program Files\BlueJ\lib\javafx-fxml-23.0.2-win.jar;C:\Program Files\BlueJ\lib\javafx-graphics-23.0.2-win.jar;C:\Program Files\BlueJ\lib\javafx-media-23.0.2-win.jar;C:\Program Files\BlueJ\lib\javafx-swing-23.0.2-win.jar;C:\Program Files\BlueJ\lib\javafx-web-23.0.2-win.jar;C:\Program Files\BlueJ\lib\junit-4.12.jar;C:\Program Files\BlueJ\lib\junit-jupiter-5.5.2.jar;C:\Program Files\BlueJ\lib\junit-jupiter-api-5.5.2.jar;C:\Program Files\BlueJ\lib\junit-jupiter-engine-5.5.2.jar;C:\Program Files\BlueJ\lib\junit-jupiter-params-5.5.2.jar;C:\Program Files\BlueJ\lib\junit-platform-commons-1.5.2.jar;C:\Program Files\BlueJ\lib\junit-platform-engine-1.5.2.jar;C:\Program Files\BlueJ\lib\junit-platform-launcher-1.5.2.jar;C:\Program Files\BlueJ\lib\junit-platform-suite-api-1.5.2.jar;C:\Program Files\BlueJ\lib\junit-vintage-engine-5.5.2.jar;C:\Program Files\BlueJ\lib\hamcrest-core-1.3.jar;C:\Program Files\BlueJ\lib\opentest4j-1.2.0.jar;C:\Program Files\BlueJ\lib\lang-stride.jar;C:\Program Files\BlueJ\lib\javafx\javafx.base.jar;C:\Program Files\BlueJ\lib\javafx\javafx.controls.jar;C:\Program Files\BlueJ\lib\javafx\javafx.fxml.jar;C:\Program Files\BlueJ\lib\javafx\javafx.graphics.jar;C:\Program Files\BlueJ\lib\javafx\javafx.media.jar;C:\Program Files\BlueJ\lib\javafx\javafx.properties.jar;C:\Program Files\BlueJ\lib\javafx\javafx.swing.jar;C:\Program Files\BlueJ\lib\javafx\javafx.web.jar
Launcher Type: SUN_STANDARD

[Global flags]
     intx CICompilerCount                          = 12                                        {product} {ergonomic}
     uint ConcGCThreads                            = 3                                         {product} {ergonomic}
     uint G1ConcRefinementThreads                  = 13                                        {product} {ergonomic}
   size_t G1HeapRegionSize                         = 4194304                                   {product} {ergonomic}
    uintx GCDrainStackTargetSize                   = 64                                        {product} {ergonomic}
   size_t InitialHeapSize                          = 536870912                                 {product} {ergonomic}
   size_t MarkStackSize                            = 4194304                                   {product} {ergonomic}
   size_t MaxHeapSize                              = 8577351680                                {product} {ergonomic}
   size_t MaxNewSize                               = 5146411008                                {product} {ergonomic}
   size_t MinHeapDeltaBytes                        = 4194304                                   {product} {ergonomic}
   size_t MinHeapSize                              = 8388608                                   {product} {ergonomic}
    uintx NonNMethodCodeHeapSize                   = 7602480                                {pd product} {ergonomic}
    uintx NonProfiledCodeHeapSize                  = 122027880                              {pd product} {ergonomic}
    uintx ProfiledCodeHeapSize                     = 122027880                              {pd product} {ergonomic}
    uintx ReservedCodeCacheSize                    = 251658240                              {pd product} {ergonomic}
     bool SegmentedCodeCache                       = true                                      {product} {ergonomic}
   size_t SoftMaxHeapSize                          = 8577351680                             {manageable} {ergonomic}
     bool UseCompressedOops                        = true                           {product lp64_product} {ergonomic}
     bool UseG1GC                                  = true                                      {product} {ergonomic}
     bool UseLargePagesIndividualAllocation        = false                                  {pd product} {ergonomic}

Logging:
Log output configuration:
 #0: stdout all=warning uptime,level,tags foldmultilines=false
 #1: stderr all=off uptime,level,tags foldmultilines=false

Environment Variables:
PATH=C:\Program Files\Oculus\Support\oculus-runtime;C:\Program Files (x86)\Common Files\Oracle\Java\javapath;C:\WINDOWS\system32;C:\WINDOWS;C:\WINDOWS\System32\Wbem;C:\WINDOWS\System32\WindowsPowerShell\v1.0\;C:\WINDOWS\System32\OpenSSH\;C:\Program Files\dotnet\;C:\Users\thiba\AppData\Local\Microsoft\WindowsApps;C:\Users\thiba\.dotnet\tools
USERNAME=thiba
OS=Windows_NT
PROCESSOR_IDENTIFIER=AMD64 Family 23 Model 113 Stepping 0, AuthenticAMD
TMP=C:\Users\thiba\AppData\Local\Temp
TEMP=C:\Users\thiba\AppData\Local\Temp




Periodic native trim disabled

---------------  S Y S T E M  ---------------

OS:
 Windows 10 , 64 bit Build 19041 (10.0.19041.5915)
OS uptime: 0 days 2:17 hours
Hyper-V role detected

CPU: total 16 (initial active 16) (16 cores per cpu, 2 threads per core) family 23 model 113 stepping 0 microcode 0x0, cx8, cmov, fxsr, ht, mmx, 3dnowpref, sse, sse2, sse3, ssse3, sse4a, sse4.1, sse4.2, popcnt, lzcnt, tsc, tscinvbit, avx, avx2, aes, clmul, bmi1, bmi2, adx, sha, fma, vzeroupper, clflush, clflushopt, hv, rdtscp, rdpid, f16c
Processor Information for the first 16 processors :
  Max Mhz: 3600, Current Mhz: 3600, Mhz Limit: 3600

Memory: 4k page, system-wide physical 32718M (22351M free)
TotalPageFile size 34766M (AvailPageFile size 22520M)
current process WorkingSet (physical memory assigned to process): 48M, peak: 48M
current process commit charge ("private bytes"): 617M, peak: 617M

vm_info: OpenJDK 64-Bit Server VM (21.0.6+7-LTS) for windows-amd64 JRE (21.0.6+7-LTS), built on 2025-01-21T00:00:00Z by "admin" with MS VC++ 17.7 (VS2022)

END.
